Release 14.7 - xst P.20131013 (nt64)
Copyright (c) 1995-2013 Xilinx, Inc.  All rights reserved.
--> Parameter TMPDIR set to xst/projnav.tmp


Total REAL time to Xst completion: 0.00 secs
Total CPU time to Xst completion: 0.09 secs
 
--> Parameter xsthdpdir set to xst


Total REAL time to Xst completion: 0.00 secs
Total CPU time to Xst completion: 0.09 secs
 
--> Reading design: RAM.prj

TABLE OF CONTENTS
  1) Synthesis Options Summary
  2) HDL Compilation
  3) Design Hierarchy Analysis
  4) HDL Analysis
  5) HDL Synthesis
     5.1) HDL Synthesis Report
  6) Advanced HDL Synthesis
     6.1) Advanced HDL Synthesis Report
  7) Low Level Synthesis
  8) Partition Report
  9) Final Report
	9.1) Device utilization summary
	9.2) Partition Resource Summary
	9.3) TIMING REPORT


=========================================================================
*                      Synthesis Options Summary                        *
=========================================================================
---- Source Parameters
Input File Name                    : "RAM.prj"
Input Format                       : mixed
Ignore Synthesis Constraint File   : NO

---- Target Parameters
Output File Name                   : "RAM"
Output Format                      : NGC
Target Device                      : xc3s50a-5-tq144

---- Source Options
Top Module Name                    : RAM
Automatic FSM Extraction           : YES
FSM Encoding Algorithm             : Auto
Safe Implementation                : No
FSM Style                          : LUT
RAM Extraction                     : Yes
RAM Style                          : Auto
ROM Extraction                     : Yes
Mux Style                          : Auto
Decoder Extraction                 : YES
Priority Encoder Extraction        : Yes
Shift Register Extraction          : YES
Logical Shifter Extraction         : YES
XOR Collapsing                     : YES
ROM Style                          : Auto
Mux Extraction                     : Yes
Resource Sharing                   : YES
Asynchronous To Synchronous        : NO
Multiplier Style                   : Auto
Automatic Register Balancing       : No

---- Target Options
Add IO Buffers                     : YES
Global Maximum Fanout              : 100000
Add Generic Clock Buffer(BUFG)     : 24
Register Duplication               : YES
Slice Packing                      : YES
Optimize Instantiated Primitives   : NO
Use Clock Enable                   : Yes
Use Synchronous Set                : Yes
Use Synchronous Reset              : Yes
Pack IO Registers into IOBs        : Auto
Equivalent register Removal        : YES

---- General Options
Optimization Goal                  : Speed
Optimization Effort                : 1
Keep Hierarchy                     : No
Netlist Hierarchy                  : As_Optimized
RTL Output                         : Yes
Global Optimization                : AllClockNets
Read Cores                         : YES
Write Timing Constraints           : NO
Cross Clock Analysis               : NO
Hierarchy Separator                : /
Bus Delimiter                      : <>
Case Specifier                     : Maintain
Slice Utilization Ratio            : 100
BRAM Utilization Ratio             : 100
Verilog 2001                       : YES
Auto BRAM Packing                  : NO
Slice Utilization Ratio Delta      : 5

=========================================================================


=========================================================================
*                          HDL Compilation                              *
=========================================================================
Compiling vhdl file "C:/Users/ja/Desktop/work/FPGA/projekty/DCEQ816/RAM.vhd" in Library work.
Entity <ram> compiled.
Entity <ram> (Architecture <behavioral>) compiled.

=========================================================================
*                     Design Hierarchy Analysis                         *
=========================================================================
Analyzing hierarchy for entity <RAM> in library <work> (architecture <behavioral>).


=========================================================================
*                            HDL Analysis                               *
=========================================================================
Analyzing Entity <RAM> in library <work> (Architecture <behavioral>).
Entity <RAM> analyzed. Unit <RAM> generated.


=========================================================================
*                           HDL Synthesis                               *
=========================================================================

Performing bidirectional port resolution...

Synthesizing Unit <RAM>.
    Related source file is "C:/Users/ja/Desktop/work/FPGA/projekty/DCEQ816/RAM.vhd".
    Found 256x8-bit single-port RAM <Mram_RAM> for signal <RAM>.
    Found 8-bit register for signal <RAM_OUT>.
    Found 8-bit register for signal <RAM_ADDR>.
    Summary:
	inferred   1 RAM(s).
	inferred  16 D-type flip-flop(s).
Unit <RAM> synthesized.


=========================================================================
HDL Synthesis Report

Macro Statistics
# RAMs                                                 : 1
 256x8-bit single-port RAM                             : 1
# Registers                                            : 2
 8-bit register                                        : 2

=========================================================================

=========================================================================
*                       Advanced HDL Synthesis                          *
=========================================================================


Synthesizing (advanced) Unit <RAM>.
INFO:Xst:3226 - The RAM <Mram_RAM> will be implemented as a BLOCK RAM, absorbing the following register(s): <RAM_OUT>
    -----------------------------------------------------------------------
    | ram_type           | Block                               |          |
    -----------------------------------------------------------------------
    | Port A                                                              |
    |     aspect ratio   | 256-word x 8-bit                    |          |
    |     mode           | read-first                          |          |
    |     clkA           | connected to signal <RAM_CLOCK>     | rise     |
    |     weA            | connected to signal <RAM_WR>        | high     |
    |     addrA          | connected to signal <RAM_ADDR>      |          |
    |     diA            | connected to signal <RAM_IN>        |          |
    |     doA            | connected to signal <RAM_OUT>       |          |
    -----------------------------------------------------------------------
    | optimization       | speed                               |          |
    -----------------------------------------------------------------------
Unit <RAM> synthesized (advanced).

=========================================================================
Advanced HDL Synthesis Report

Macro Statistics
# RAMs                                                 : 1
 256x8-bit single-port block RAM                       : 1
# Registers                                            : 8
 Flip-Flops                                            : 8

=========================================================================

=========================================================================
*                         Low Level Synthesis                           *
=========================================================================

Optimizing unit <RAM> ...

Mapping all equations...
Building and optimizing final netlist ...
Found area constraint ratio of 100 (+ 5) on block RAM, actual ratio is 0.

Final Macro Processing ...

=========================================================================
Final Register Report

Macro Statistics
# Registers                                            : 8
 Flip-Flops                                            : 8

=========================================================================

=========================================================================
*                           Partition Report                            *
=========================================================================

Partition Implementation Status
-------------------------------

  No Partitions were found in this design.

-------------------------------

=========================================================================
*                            Final Report                               *
=========================================================================
Final Results
RTL Top Level Output File Name     : RAM.ngr
Top Level Output File Name         : RAM
Output Format                      : NGC
Optimization Goal                  : Speed
Keep Hierarchy                     : No

Design Statistics
# IOs                              : 20

Cell Usage :
# BELS                             : 2
#      GND                         : 1
#      VCC                         : 1
# FlipFlops/Latches                : 8
#      FDC                         : 8
# RAMS                             : 1
#      RAMB16BWE                   : 1
# Clock Buffers                    : 2
#      BUFGP                       : 2
# IO Buffers                       : 18
#      IBUF                        : 10
#      OBUF                        : 8
=========================================================================

Device utilization summary:
---------------------------

Selected Device : 3s50atq144-5 

 Number of Slices:                        4  out of    704     0%  
 Number of Slice Flip Flops:              8  out of   1408     0%  
 Number of IOs:                          20
 Number of bonded IOBs:                  20  out of    108    18%  
 Number of BRAMs:                         1  out of      3    33%  
 Number of GCLKs:                         2  out of     24     8%  

---------------------------
Partition Resource Summary:
---------------------------

  No Partitions were found in this design.

---------------------------


=========================================================================
TIMING REPORT

NOTE: THESE TIMING NUMBERS ARE ONLY A SYNTHESIS ESTIMATE.
      FOR ACCURATE TIMING INFORMATION PLEASE REFER TO THE TRACE REPORT
      GENERATED AFTER PLACE-and-ROUTE.

Clock Information:
------------------
-----------------------------------+------------------------+-------+
Clock Signal                       | Clock buffer(FF name)  | Load  |
-----------------------------------+------------------------+-------+
RAM_ms<1>                          | BUFGP                  | 8     |
RAM_CLOCK                          | BUFGP                  | 1     |
-----------------------------------+------------------------+-------+

Asynchronous Control Signals Information:
----------------------------------------
-----------------------------------+------------------------+-------+
Control Signal                     | Buffer(FF name)        | Load  |
-----------------------------------+------------------------+-------+
RAM_ms<0>                          | IBUF                   | 8     |
-----------------------------------+------------------------+-------+

Timing Summary:
---------------
Speed Grade: -5

   Minimum period: No path found
   Minimum input arrival time before clock: 1.772ns
   Maximum output required time after clock: 6.813ns
   Maximum combinational path delay: No path found

Timing Detail:
--------------
All values displayed in nanoseconds (ns)

=========================================================================
Timing constraint: Default OFFSET IN BEFORE for Clock 'RAM_ms<1>'
  Total number of paths / destination ports: 8 / 8
-------------------------------------------------------------------------
Offset:              1.401ns (Levels of Logic = 1)
  Source:            RAM_IN<0> (PAD)
  Destination:       RAM_ADDR_0 (FF)
  Destination Clock: RAM_ms<1> rising

  Data Path: RAM_IN<0> to RAM_ADDR_0
                                Gate     Net
    Cell:in->out      fanout   Delay   Delay  Logical Name (Net Name)
    ----------------------------------------  ------------
     IBUF:I->O             2   0.824   0.380  RAM_IN_0_IBUF (RAM_IN_0_IBUF)
     FDC:D                     0.197          RAM_ADDR_0
    ----------------------------------------
    Total                      1.401ns (1.021ns logic, 0.380ns route)
                                       (72.9% logic, 27.1% route)

=========================================================================
Timing constraint: Default OFFSET IN BEFORE for Clock 'RAM_CLOCK'
  Total number of paths / destination ports: 12 / 12
-------------------------------------------------------------------------
Offset:              1.772ns (Levels of Logic = 1)
  Source:            RAM_WR (PAD)
  Destination:       Mram_RAM (RAM)
  Destination Clock: RAM_CLOCK rising

  Data Path: RAM_WR to Mram_RAM
                                Gate     Net
    Cell:in->out      fanout   Delay   Delay  Logical Name (Net Name)
    ----------------------------------------  ------------
     IBUF:I->O             4   0.824   0.499  RAM_WR_IBUF (RAM_WR_IBUF)
     RAMB16BWE:WEA0            0.449          Mram_RAM
    ----------------------------------------
    Total                      1.772ns (1.273ns logic, 0.499ns route)
                                       (71.8% logic, 28.2% route)

=========================================================================
Timing constraint: Default OFFSET OUT AFTER for Clock 'RAM_CLOCK'
  Total number of paths / destination ports: 8 / 8
-------------------------------------------------------------------------
Offset:              6.813ns (Levels of Logic = 1)
  Source:            Mram_RAM (RAM)
  Destination:       RAM_OUT<7> (PAD)
  Source Clock:      RAM_CLOCK rising

  Data Path: Mram_RAM to RAM_OUT<7>
                                Gate     Net
    Cell:in->out      fanout   Delay   Delay  Logical Name (Net Name)
    ----------------------------------------  ------------
     RAMB16BWE:CLKA->DOA7    1   2.060   0.357  Mram_RAM (RAM_OUT_7_OBUF)
     OBUF:I->O                 4.396          RAM_OUT_7_OBUF (RAM_OUT<7>)
    ----------------------------------------
    Total                      6.813ns (6.456ns logic, 0.357ns route)
                                       (94.8% logic, 5.2% route)

=========================================================================


Total REAL time to Xst completion: 5.00 secs
Total CPU time to Xst completion: 4.74 secs
 
--> 

Total memory usage is 279940 kilobytes

Number of errors   :    0 (   0 filtered)
Number of warnings :    0 (   0 filtered)
Number of infos    :    1 (   0 filtered)

