V3 33
FL C:/Users/ja/Desktop/work/FPGA/DCEQ816/ALU.vhd 2019/04/18.15:52:22 P.20131013
EN work/ALU 1560246956 FL C:/Users/ja/Desktop/work/FPGA/DCEQ816/ALU.vhd \
      PB ieee/std_logic_1164 1381692176 PB ieee/STD_LOGIC_UNSIGNED 1381692179 \
      PB ieee/NUMERIC_STD 1381692181
AR work/ALU/Behavioral 1560246957 \
      FL C:/Users/ja/Desktop/work/FPGA/DCEQ816/ALU.vhd EN work/ALU 1560246956
FL C:/Users/ja/Desktop/work/FPGA/DCEQ816/CORE_MS2.vhd 2019/03/31.11:05:43 P.20131013
EN work/CORE_MS2 1560246958 FL C:/Users/ja/Desktop/work/FPGA/DCEQ816/CORE_MS2.vhd \
      PB ieee/std_logic_1164 1381692176 PB ieee/NUMERIC_STD 1381692181 \
      PB ieee/std_logic_arith 1381692177 PB ieee/STD_LOGIC_UNSIGNED 1381692179
AR work/CORE_MS2/Behavioral 1560246959 \
      FL C:/Users/ja/Desktop/work/FPGA/DCEQ816/CORE_MS2.vhd EN work/CORE_MS2 1560246958 \
      CP ALU
FL C:/Users/ja/Desktop/work/FPGA/DCEQ816/DCE_Q816.vhd 2019/06/11.11:40:14 P.20131013
EN work/DCE_Q816 1560246968 FL C:/Users/ja/Desktop/work/FPGA/DCEQ816/DCE_Q816.vhd \
      PB ieee/std_logic_1164 1381692176 PB ieee/NUMERIC_STD 1381692181 \
      PB ieee/std_logic_arith 1381692177 PB ieee/STD_LOGIC_UNSIGNED 1381692179
AR work/DCE_Q816/Behavioral 1560246969 \
      FL C:/Users/ja/Desktop/work/FPGA/DCEQ816/DCE_Q816.vhd EN work/DCE_Q816 1560246968 \
      CP CORE_MS2 CP I_O CP LOGIC CP RAM CP ROM
FL C:/Users/ja/Desktop/work/FPGA/DCEQ816/I_O.vhd 2019/03/03.21:21:00 P.20131013
EN work/I_O 1560246960 FL C:/Users/ja/Desktop/work/FPGA/DCEQ816/I_O.vhd \
      PB ieee/std_logic_1164 1381692176 PB ieee/NUMERIC_STD 1381692181 \
      PB ieee/std_logic_arith 1381692177 PB ieee/STD_LOGIC_UNSIGNED 1381692179
AR work/I_O/Behavioral 1560246961 \
      FL C:/Users/ja/Desktop/work/FPGA/DCEQ816/I_O.vhd EN work/I_O 1560246960
FL C:/Users/ja/Desktop/work/FPGA/DCEQ816/LOGIC.vhd 2019/04/10.14:41:53 P.20131013
EN work/LOGIC 1560246962 FL C:/Users/ja/Desktop/work/FPGA/DCEQ816/LOGIC.vhd \
      PB ieee/std_logic_1164 1381692176 PB ieee/NUMERIC_STD 1381692181 \
      PB ieee/std_logic_arith 1381692177 PB ieee/STD_LOGIC_UNSIGNED 1381692179
AR work/LOGIC/Behavioral 1560246963 \
      FL C:/Users/ja/Desktop/work/FPGA/DCEQ816/LOGIC.vhd EN work/LOGIC 1560246962
FL C:/Users/ja/Desktop/work/FPGA/DCEQ816/RAM.vhd 2019/03/03.22:14:20 P.20131013
EN work/RAM 1560246964 FL C:/Users/ja/Desktop/work/FPGA/DCEQ816/RAM.vhd \
      PB ieee/std_logic_1164 1381692176 PB ieee/NUMERIC_STD 1381692181
AR work/RAM/Behavioral 1560246965 \
      FL C:/Users/ja/Desktop/work/FPGA/DCEQ816/RAM.vhd EN work/RAM 1560246964
FL C:/Users/ja/Desktop/work/FPGA/DCEQ816/ROM.vhd 2019/06/11.11:55:52 P.20131013
EN work/ROM 1560246966 FL C:/Users/ja/Desktop/work/FPGA/DCEQ816/ROM.vhd \
      PB ieee/std_logic_1164 1381692176 PB ieee/NUMERIC_STD 1381692181
AR work/ROM/Behavioral 1560246967 \
      FL C:/Users/ja/Desktop/work/FPGA/DCEQ816/ROM.vhd EN work/ROM 1560246966
FL C:/Users/ja/Desktop/work/FPGA/projekty/DCEQ816/ALU.vhd 2019/03/31.16:39:32 P.20131013
FL C:/Users/ja/Desktop/work/FPGA/projekty/DCEQ816/CORE_MS2.vhd 2019/03/31.11:05:43 P.20131013
FL C:/Users/ja/Desktop/work/FPGA/projekty/DCEQ816/DCE_Q816.vhd 2019/04/13.19:14:32 P.20131013
FL C:/Users/ja/Desktop/work/FPGA/projekty/DCEQ816/I_O.vhd 2019/03/03.21:21:00 P.20131013
FL C:/Users/ja/Desktop/work/FPGA/projekty/DCEQ816/LOGIC.vhd 2019/04/10.14:41:53 P.20131013
FL C:/Users/ja/Desktop/work/FPGA/projekty/DCEQ816/RAM.vhd 2019/03/03.22:14:20 P.20131013
